[INFO] Scanning for projects...
[INFO] ------------------------------------------------------------------------
[INFO] Reactor Build Order:
[INFO] 
[INFO] Hyperion ETL Pipelines                                             [pom]
[INFO] Hyperion ETL Control Plane                                         [jar]
[INFO] Finance ETL Service                                                [jar]
[INFO] 
[INFO] ----------------< com.hyperion:hyperion-etl-pipelines >-----------------
[INFO] Building Hyperion ETL Pipelines 1.0.0-SNAPSHOT                     [1/3]
[INFO]   from pom.xml
[INFO] --------------------------------[ pom ]---------------------------------
[INFO] 
[INFO] --------------< com.hyperion:hyperion-etl-control-plane >---------------
[INFO] Building Hyperion ETL Control Plane 1.0.0-SNAPSHOT                 [2/3]
[INFO]   from hyperion-etl-control-plane\pom.xml
[INFO] --------------------------------[ jar ]---------------------------------
[INFO] 
[INFO] --- resources:3.3.1:resources (default-resources) @ hyperion-etl-control-plane ---
[INFO] Copying 1 resource from src\main\resources to target\classes
[INFO] Copying 11 resources from src\main\resources to target\classes
[INFO] 
[INFO] --- compiler:3.13.0:compile (default-compile) @ hyperion-etl-control-plane ---
[INFO] Recompiling the module because of changed source code.
[INFO] Compiling 29 source files with javac [debug parameters release 21] to target\classes
[INFO] ------------------------------------------------------------------------
[INFO] Reactor Summary for Hyperion ETL Pipelines 1.0.0-SNAPSHOT:
[INFO] 
[INFO] Hyperion ETL Pipelines ............................. SUCCESS [  0.002 s]
[INFO] Hyperion ETL Control Plane ......................... FAILURE [  1.616 s]
[INFO] Finance ETL Service ................................ SKIPPED
[INFO] ------------------------------------------------------------------------
[INFO] BUILD FAILURE
[INFO] ------------------------------------------------------------------------
[INFO] Total time:  1.912 s
[INFO] Finished at: 2026-01-28T22:30:50+07:00
[INFO] ------------------------------------------------------------------------
[ERROR] Failed to execute goal org.apache.maven.plugins:maven-compiler-plugin:3.13.0:compile (default-compile) on project hyperion-etl-control-plane: Fatal error compiling: error: release version 21 not supported -> [Help 1]
[ERROR] 
[ERROR] To see the full stack trace of the errors, re-run Maven with the -e switch.
[ERROR] Re-run Maven using the -X switch to enable full debug logging.
[ERROR] 
[ERROR] For more information about the errors and possible solutions, please read the following articles:
[ERROR] [Help 1] http://cwiki.apache.org/confluence/display/MAVEN/MojoExecutionException
[ERROR] 
[ERROR] After correcting the problems, you can resume the build with the command
[ERROR]   mvn <args> -rf :hyperion-etl-control-plane
